../Core/Src/I2C_CLCD.c:5:6:I2C_CLCD_Delay_us	24	static
../Core/Src/I2C_CLCD.c:12:6:I2C_CLCD_SendByte	32	static
../Core/Src/I2C_CLCD.c:40:6:I2C_CLCD_init	24	static
../Core/Src/I2C_CLCD.c:60:6:I2C_CLCD_GotoXY	16	static
../Core/Src/I2C_CLCD.c:65:6:I2C_CLCD_PutC	16	static
../Core/Src/I2C_CLCD.c:82:6:I2C_CLCD_PutStr	16	static
../Core/Src/I2C_CLCD.c:87:6:I2C_CLCD_Cursor	16	static
../Core/Src/I2C_CLCD.c:91:6:I2C_CLCD_Right	8	static
../Core/Src/I2C_CLCD.c:95:6:I2C_CLCD_Left	8	static
../Core/Src/I2C_CLCD.c:99:6:I2C_CLCD_ShiftStop	8	static
../Core/Src/I2C_CLCD.c:103:6:I2C_CLCD_CustomFont	32	static
../Core/Src/I2C_CLCD.c:120:6:I2C_CLCD_Progressbar	24	static
../Core/Src/I2C_CLCD.c:155:6:I2C_CLCD_CG_ClearBuffer	8	static
../Core/Src/I2C_CLCD.c:159:6:I2C_CLCD_CG_ScrollLeft	16	static
../Core/Src/I2C_CLCD.c:164:6:I2C_CLCD_CG_DrawPixel	16	static
../Core/Src/I2C_CLCD.c:168:6:I2C_CLCD_CG_Update	24	static
