../Core/Src/main.c:90:6:HAL_TIM_PeriodElapsedCallback	16	static
../Core/Src/main.c:109:5:main	8800	static
../Core/Src/main.c:250:6:SystemClock_Config	88	static
../Core/Src/main.c:297:13:MX_ADC1_Init	24	static
../Core/Src/main.c:349:13:MX_I2C1_Init	8	static
../Core/Src/main.c:383:13:MX_SPI1_Init	8	static
../Core/Src/main.c:421:13:MX_TIM2_Init	32	static
../Core/Src/main.c:466:13:MX_TIM3_Init	64	static
../Core/Src/main.c:523:13:MX_DMA_Init	16	static
../Core/Src/main.c:541:13:MX_GPIO_Init	40	static
../Core/Src/main.c:574:6:Error_Handler	4	static,ignoring_inline_asm
